Found 13 modules for target `GhanaTalksRadio`
link_native_modules! {ios_packages: [{configurations: [], name: "@react-native-async-storage/async-storage", root: "/Users/axentia/Projects/Pixelcrests/ghanatalksradio-mobile/node_modules/@react-native-async-storage/async-storage", path: "../node_modules/@react-native-async-storage/async-storage", podspec_path: "/Users/axentia/Projects/Pixelcrests/ghanatalksradio-mobile/node_modules/@react-native-async-storage/async-storage/RNCAsyncStorage.podspec", script_phases: []}, {configurations: [], name: "@react-native-clipboard/clipboard", root: "/Users/axentia/Projects/Pixelcrests/ghanatalksradio-mobile/node_modules/@react-native-clipboard/clipboard", path: "../node_modules/@react-native-clipboard/clipboard", podspec_path: "/Users/axentia/Projects/Pixelcrests/ghanatalksradio-mobile/node_modules/@react-native-clipboard/clipboard/RNCClipboard.podspec", script_phases: []}, {configurations: [], name: "@react-native-community/netinfo", root: "/Users/axentia/Projects/Pixelcrests/ghanatalksradio-mobile/node_modules/@react-native-community/netinfo", path: "../node_modules/@react-native-community/netinfo", podspec_path: "/Users/axentia/Projects/Pixelcrests/ghanatalksradio-mobile/node_modules/@react-native-community/netinfo/react-native-netinfo.podspec", script_phases: []}, {configurations: [], name: "@react-native-community/slider", root: "/Users/axentia/Projects/Pixelcrests/ghanatalksradio-mobile/node_modules/@react-native-community/slider", path: "../node_modules/@react-native-community/slider", podspec_path: "/Users/axentia/Projects/Pixelcrests/ghanatalksradio-mobile/node_modules/@react-native-community/slider/react-native-slider.podspec", script_phases: []}, {configurations: [], name: "react-native-get-random-values", root: "/Users/axentia/Projects/Pixelcrests/ghanatalksradio-mobile/node_modules/react-native-get-random-values", path: "../node_modules/react-native-get-random-values", podspec_path: "/Users/axentia/Projects/Pixelcrests/ghanatalksradio-mobile/node_modules/react-native-get-random-values/react-native-get-random-values.podspec", script_phases: []}, {configurations: [], name: "react-native-google-mobile-ads", root: "/Users/axentia/Projects/Pixelcrests/ghanatalksradio-mobile/node_modules/react-native-google-mobile-ads", path: "../node_modules/react-native-google-mobile-ads", podspec_path: "/Users/axentia/Projects/Pixelcrests/ghanatalksradio-mobile/node_modules/react-native-google-mobile-ads/RNGoogleMobileAds.podspec", script_phases: [{"name" => "[RNGoogleMobileAds] Configuration", "path" => "./ios_config.sh", "execution_position" => "after_compile", "input_files" => ["$(BUILT_PRODUCTS_DIR)/$(INFOPLIST_PATH)"]}]}, {configurations: [], name: "react-native-render-html", root: "/Users/axentia/Projects/Pixelcrests/ghanatalksradio-mobile/node_modules/react-native-render-html", path: "../node_modules/react-native-render-html", podspec_path: "/Users/axentia/Projects/Pixelcrests/ghanatalksradio-mobile/node_modules/react-native-render-html/react-native-render-html.podspec", script_phases: []}, {configurations: [], name: "react-native-safe-area-context", root: "/Users/axentia/Projects/Pixelcrests/ghanatalksradio-mobile/node_modules/react-native-safe-area-context", path: "../node_modules/react-native-safe-area-context", podspec_path: "/Users/axentia/Projects/Pixelcrests/ghanatalksradio-mobile/node_modules/react-native-safe-area-context/react-native-safe-area-context.podspec", script_phases: []}, {configurations: [], name: "react-native-screens", root: "/Users/axentia/Projects/Pixelcrests/ghanatalksradio-mobile/node_modules/react-native-screens", path: "../node_modules/react-native-screens", podspec_path: "/Users/axentia/Projects/Pixelcrests/ghanatalksradio-mobile/node_modules/react-native-screens/RNScreens.podspec", script_phases: []}, {configurations: [], name: "react-native-track-player", root: "/Users/axentia/Projects/Pixelcrests/ghanatalksradio-mobile/node_modules/react-native-track-player", path: "../node_modules/react-native-track-player", podspec_path: "/Users/axentia/Projects/Pixelcrests/ghanatalksradio-mobile/node_modules/react-native-track-player/react-native-track-player.podspec", script_phases: []}, {configurations: [], name: "react-native-tracking-transparency", root: "/Users/axentia/Projects/Pixelcrests/ghanatalksradio-mobile/node_modules/react-native-tracking-transparency", path: "../node_modules/react-native-tracking-transparency", podspec_path: "/Users/axentia/Projects/Pixelcrests/ghanatalksradio-mobile/node_modules/react-native-tracking-transparency/react-native-tracking-transparency.podspec", script_phases: []}, {configurations: [], name: "react-native-vector-icons", root: "/Users/axentia/Projects/Pixelcrests/ghanatalksradio-mobile/node_modules/react-native-vector-icons", path: "../node_modules/react-native-vector-icons", podspec_path: "/Users/axentia/Projects/Pixelcrests/ghanatalksradio-mobile/node_modules/react-native-vector-icons/RNVectorIcons.podspec", script_phases: []}, {configurations: [], name: "react-native-webview", root: "/Users/axentia/Projects/Pixelcrests/ghanatalksradio-mobile/node_modules/react-native-webview", path: "../node_modules/react-native-webview", podspec_path: "/Users/axentia/Projects/Pixelcrests/ghanatalksradio-mobile/node_modules/react-native-webview/react-native-webview.podspec", script_phases: []}], ios_project_root_path: "/Users/axentia/Projects/Pixelcrests/ghanatalksradio-mobile/ios", react_native_path: "../node_modules/react-native"}
Adding a custom script phase for Pod RNGoogleMobileAds: [RNGoogleMobileAds] Configuration
Auto-linking React Native modules for target `GhanaTalksRadio`: RNCAsyncStorage, RNCClipboard, RNGoogleMobileAds, RNScreens, RNVectorIcons, react-native-get-random-values, react-native-netinfo, react-native-render-html, react-native-safe-area-context, react-native-slider, react-native-track-player, react-native-tracking-transparency, and react-native-webview
Framework build type is static library
[ReactNativeDependencies] Setting up ReactNativeDependencies...
[ReactNativeDependencies] Building from source: true
[ReactNativeDependencies] Source: 
[ReactNativeCore] Setting up ReactNativeCore...
[ReactNativeCore] Building from source: true
[ReactNativeCore] Source: 
Configuring the target with the Legacy Architecture
[36m[1m[Codegen][0m Analyzing /Users/axentia/Projects/Pixelcrests/ghanatalksradio-mobile/package.json[0m
[36m[1m[Codegen][0m [33mSearching for codegen-enabled libraries in the app.[0m
[36m[1m[Codegen][0m [33mThe "codegenConfig" field is not defined in package.json. Assuming there is nothing to generate at the app level.[0m
[36m[1m[Codegen][0m [33mSearching for codegen-enabled libraries in react-native.config.js[0m
[36m[1m[Codegen][0m Found @react-native-async-storage/async-storage[0m
[36m[1m[Codegen][0m Found @react-native-clipboard/clipboard[0m
[36m[1m[Codegen][0m Found @react-native-community/netinfo[0m
[36m[1m[Codegen][0m Found @react-native-community/slider[0m
[36m[1m[Codegen][0m Found react-native-google-mobile-ads[0m
[36m[1m[Codegen][0m Found react-native-safe-area-context[0m
[36m[1m[Codegen][0m Found react-native-screens[0m
[36m[1m[Codegen][0m Found react-native-vector-icons[0m
[36m[1m[Codegen][0m Found react-native-webview[0m
[36m[1m[Codegen][0m Processing rnasyncstorage[0m
[36m[1m[Codegen][0m [33mSearching for podspec in the project dependencies.[0m
[36m[1m[Codegen][0m Supported Apple platforms: ios, macos, tvos, visionos for rnasyncstorage[0m
[36m[1m[Codegen][0m Processing rnclipboard[0m
[36m[1m[Codegen][0m [33mSearching for podspec in the project dependencies.[0m
[36m[1m[Codegen][0m Supported Apple platforms: ios, macos, tvos, visionos for rnclipboard[0m
[36m[1m[Codegen][0m Processing RNCNetInfoSpec[0m
[36m[1m[Codegen][0m [33mSearching for podspec in the project dependencies.[0m
[36m[1m[Codegen][0m Supported Apple platforms: ios, macos, tvos, visionos for RNCNetInfoSpec[0m
[36m[1m[Codegen][0m Processing RNCSlider[0m
[36m[1m[Codegen][0m [33mSearching for podspec in the project dependencies.[0m
[36m[1m[Codegen][0m Supported Apple platforms: ios, visionos for RNCSlider[0m
[36m[1m[Codegen][0m Processing RNGoogleMobileAdsSpec[0m
[36m[1m[Codegen][0m [33mSearching for podspec in the project dependencies.[0m
[36m[1m[Codegen][0m Supported Apple platforms: ios for RNGoogleMobileAdsSpec[0m
[36m[1m[Codegen][0m Processing safeareacontext[0m
[36m[1m[Codegen][0m [33mSearching for podspec in the project dependencies.[0m
[36m[1m[Codegen][0m Supported Apple platforms: ios, macos, tvos, visionos for safeareacontext[0m
[36m[1m[Codegen][0m Processing rnscreens[0m
[36m[1m[Codegen][0m [33mSearching for podspec in the project dependencies.[0m
[36m[1m[Codegen][0m Supported Apple platforms: ios, tvos, visionos for rnscreens[0m
[36m[1m[Codegen][0m Processing RNVectorIconsSpec[0m
[36m[1m[Codegen][0m [33mSearching for podspec in the project dependencies.[0m
[36m[1m[Codegen][0m Supported Apple platforms: ios, tvos, visionos for RNVectorIconsSpec[0m
[36m[1m[Codegen][0m Processing RNCWebViewSpec[0m
[36m[1m[Codegen][0m [33mSearching for podspec in the project dependencies.[0m
[36m[1m[Codegen][0m Supported Apple platforms: ios, macos, visionos for RNCWebViewSpec[0m
[36m[1m[Codegen][0m Generating Native Code for rnasyncstorage - ios[0m
[36m[1m[Codegen][0m Generated artifacts: /Users/axentia/Projects/Pixelcrests/ghanatalksradio-mobile/ios/build/generated/ios[0m
[36m[1m[Codegen][0m Generating Native Code for rnclipboard - ios[0m
[36m[1m[Codegen][0m Generated artifacts: /Users/axentia/Projects/Pixelcrests/ghanatalksradio-mobile/ios/build/generated/ios[0m
[36m[1m[Codegen][0m Generating Native Code for RNCNetInfoSpec - ios[0m
[36m[1m[Codegen][0m Generated artifacts: /Users/axentia/Projects/Pixelcrests/ghanatalksradio-mobile/ios/build/generated/ios[0m
[36m[1m[Codegen][0m Generating Native Code for RNCSlider - ios[0m
[36m[1m[Codegen][0m Generated artifacts: /Users/axentia/Projects/Pixelcrests/ghanatalksradio-mobile/ios/build/generated/ios[0m
[36m[1m[Codegen][0m Generating Native Code for RNGoogleMobileAdsSpec - ios[0m
[36m[1m[Codegen][0m Generated artifacts: /Users/axentia/Projects/Pixelcrests/ghanatalksradio-mobile/ios/build/generated/ios[0m
[36m[1m[Codegen][0m Generating Native Code for safeareacontext - ios[0m
[36m[1m[Codegen][0m Generated artifacts: /Users/axentia/Projects/Pixelcrests/ghanatalksradio-mobile/ios/build/generated/ios[0m
[36m[1m[Codegen][0m Generating Native Code for rnscreens - ios[0m
[36m[1m[Codegen][0m Generated artifacts: /Users/axentia/Projects/Pixelcrests/ghanatalksradio-mobile/ios/build/generated/ios[0m
[36m[1m[Codegen][0m Generating Native Code for RNVectorIconsSpec - ios[0m
[36m[1m[Codegen][0m Generated artifacts: /Users/axentia/Projects/Pixelcrests/ghanatalksradio-mobile/ios/build/generated/ios[0m
[36m[1m[Codegen][0m Generating Native Code for RNCWebViewSpec - ios[0m
[36m[1m[Codegen][0m Generated artifacts: /Users/axentia/Projects/Pixelcrests/ghanatalksradio-mobile/ios/build/generated/ios[0m
[36m[1m[Codegen][0m Generating RCTThirdPartyComponentsProvider.h[0m
[36m[1m[Codegen][0m Generated artifact: /Users/axentia/Projects/Pixelcrests/ghanatalksradio-mobile/ios/build/generated/ios/RCTThirdPartyComponentsProvider.h[0m
[36m[1m[Codegen][0m Generating RCTThirdPartyComponentsProvider.mm[0m
[36m[1m[Codegen][0m Generated artifact: /Users/axentia/Projects/Pixelcrests/ghanatalksradio-mobile/ios/build/generated/ios/RCTThirdPartyComponentsProvider.mm[0m
[36m[1m[Codegen][0m Generating RCTModulesProvider.h[0m
[36m[1m[Codegen][0m Generated artifact: /Users/axentia/Projects/Pixelcrests/ghanatalksradio-mobile/ios/build/generated/ios/RCTModuleProviders.h[0m
[36m[1m[Codegen][0m Generating RCTModuleProviders.mm[0m
[36m[1m[Codegen][0m Generated artifact: /Users/axentia/Projects/Pixelcrests/ghanatalksradio-mobile/ios/build/generated/ios/RCTModuleProviders.mm[0m
[36m[1m[Codegen][0m Generating RCTAppDependencyProvider[0m
[36m[1m[Codegen][0m Generated artifact: /Users/axentia/Projects/Pixelcrests/ghanatalksradio-mobile/ios/build/generated/ios/RCTAppDependencyProvider.h[0m
[36m[1m[Codegen][0m Generated artifact: /Users/axentia/Projects/Pixelcrests/ghanatalksradio-mobile/ios/build/generated/ios/RCTAppDependencyProvider.mm[0m
[36m[1m[Codegen][0m Generated podspec: /Users/axentia/Projects/Pixelcrests/ghanatalksradio-mobile/ios/build/generated/ios/ReactAppDependencyProvider.podspec[0m
[36m[1m[Codegen][0m Generated podspec: /Users/axentia/Projects/Pixelcrests/ghanatalksradio-mobile/ios/build/generated/ios/ReactCodegen.podspec[0m
[36m[1m[Codegen][0m [33mDone.[0m
Analyzing dependencies
Fetching podspec for `DoubleConversion` from `../node_modules/react-native/third-party-podspecs/DoubleConversion.podspec`
Fetching podspec for `RCT-Folly` from `../node_modules/react-native/third-party-podspecs/RCT-Folly.podspec`
Fetching podspec for `boost` from `../node_modules/react-native/third-party-podspecs/boost.podspec`
Fetching podspec for `fast_float` from `../node_modules/react-native/third-party-podspecs/fast_float.podspec`
Fetching podspec for `fmt` from `../node_modules/react-native/third-party-podspecs/fmt.podspec`
Fetching podspec for `glog` from `../node_modules/react-native/third-party-podspecs/glog.podspec`
Fetching podspec for `hermes-engine` from `../node_modules/react-native/sdks/hermes-engine/hermes-engine.podspec`
[Hermes] Using release tarball from URL: https://repo1.maven.org/maven2/com/facebook/react/react-native-artifacts/0.81.6/react-native-artifacts-0.81.6-hermes-ios-debug.tar.gz
  % Total    % Received % Xferd  Average Speed   Time    Time     Time  Current
                                 Dload  Upload   Total   Spent    Left  Speed
  0     0    0     0    0     0      0      0 --:--:-- --:--:-- --:--:--     0  1 29.0M    1  375k    0     0   729k      0  0:00:40 --:--:--  0:00:40  728k 46 29.0M   46 13.3M    0     0  9022k      0  0:00:03  0:00:01  0:00:02 9022k100 29.0M  100 29.0M    0     0  12.1M      0  0:00:02  0:00:02 --:--:-- 12.1M
  % Total    % Received % Xferd  Average Speed   Time    Time     Time  Current
                                 Dload  Upload   Total   Spent    Left  Speed
  0     0    0     0    0     0      0      0 --:--:-- --:--:-- --:--:--     0  0     0    0     0    0     0      0      0 --:--:-- --:--:-- --:--:--     0100 20.3M  100 20.3M    0     0  18.7M      0  0:00:01  0:00:01 --:--:-- 18.7M
/opt/homebrew/lib/ruby/gems/4.0.0/gems/molinillo-0.8.0/lib/molinillo/dependency_graph.rb:3: warning: tsort was loaded from the standard library, but will no longer be part of the default gems starting from Ruby 4.1.0
You can add tsort to your Gemfile or gemspec to silence this warning.
Downloading dependencies
Installing DoubleConversion (1.1.6)
Installing FBLazyVector (0.81.6)
Installing Google-Mobile-Ads-SDK (11.5.0)
Installing GoogleUserMessagingPlatform (2.4.0)
Installing RCT-Folly (2024.11.18.00)
Installing RCTDeprecation (0.81.6)
Installing RCTRequired (0.81.6)
Installing RCTTypeSafety (0.81.6)
Installing RNCAsyncStorage (1.24.0)
Installing RNCClipboard (1.16.3)
Installing RNGoogleMobileAds (13.6.1)
Installing RNScreens (4.24.0)
Installing RNVectorIcons (10.3.0)
Installing React (0.81.6)
Installing React-Core (0.81.6)
Installing React-CoreModules (0.81.6)
Installing React-Fabric (0.81.6)
Installing React-FabricComponents (0.81.6)
Installing React-FabricImage (0.81.6)
Installing React-ImageManager (0.81.6)
Installing React-Mapbuffer (0.81.6)
Installing React-NativeModulesApple (0.81.6)
Installing React-RCTActionSheet (0.81.6)
Installing React-RCTAnimation (0.81.6)
Installing React-RCTAppDelegate (0.81.6)
Installing React-RCTBlob (0.81.6)
Installing React-RCTFBReactNativeSpec (0.81.6)
Installing React-RCTFabric (0.81.6)
Installing React-RCTImage (0.81.6)
Installing React-RCTLinking (0.81.6)
Installing React-RCTNetwork (0.81.6)
Installing React-RCTRuntime (0.81.6)
Installing React-RCTSettings (0.81.6)
Installing React-RCTText (0.81.6)
Installing React-RCTVibration (0.81.6)
Installing React-RuntimeApple (0.81.6)
Installing React-RuntimeCore (0.81.6)
Installing React-RuntimeHermes (0.81.6)
Installing React-callinvoker (0.81.6)
Installing React-cxxreact (0.81.6)
Installing React-debug (0.81.6)
Installing React-defaultsnativemodule (0.81.6)
Installing React-domnativemodule (0.81.6)
Installing React-featureflags (0.81.6)
Installing React-featureflagsnativemodule (0.81.6)
Installing React-graphics (0.81.6)
Installing React-hermes (0.81.6)
Installing React-idlecallbacksnativemodule (0.81.6)
Installing React-jserrorhandler (0.81.6)
Installing React-jsi (0.81.6)
Installing React-jsiexecutor (0.81.6)
Installing React-jsinspector (0.81.6)
Installing React-jsinspectorcdp (0.81.6)
Installing React-jsinspectornetwork (0.81.6)
Installing React-jsinspectortracing (0.81.6)
Installing React-jsitooling (0.81.6)
Installing React-jsitracing (0.81.6)
Installing React-logger (0.81.6)
Installing React-microtasksnativemodule (0.81.6)
Installing React-oscompat (0.81.6)
Installing React-perflogger (0.81.6)
Installing React-performancetimeline (0.81.6)
Installing React-rendererconsistency (0.81.6)
Installing React-renderercss (0.81.6)
Installing React-rendererdebug (0.81.6)
Installing React-runtimeexecutor (0.81.6)
Installing React-runtimescheduler (0.81.6)
Installing React-timing (0.81.6)
Installing React-utils (0.81.6)
Installing ReactAppDependencyProvider (0.81.6)
Installing ReactCodegen (0.81.6)
Installing ReactCommon (0.81.6)
Installing SocketRocket (0.7.1)
Installing SwiftAudioEx (1.1.0)
Installing Yoga (0.0.0)
Installing boost (1.84.0)
Installing fast_float (8.0.0)
Installing fmt (11.0.2)
Installing glog (0.3.5)
Installing hermes-engine (0.81.6)
Installing react-native-get-random-values (1.11.0)
Installing react-native-netinfo (12.0.1)
Installing react-native-render-html (6.3.4)
Installing react-native-safe-area-context (5.8.0)
Installing react-native-slider (4.5.7)
Installing react-native-track-player (4.1.2)
Installing react-native-tracking-transparency (0.1.2)
Installing react-native-webview (14.0.1)
Generating Pods project
Setting USE_HERMES build settings
Setting REACT_NATIVE_PATH build settings
Setting SWIFT_ACTIVE_COMPILATION_CONDITIONS build settings
[Ccache]: Removing Ccache from CC, LD, CXX & LDPLUSPLUS build settings
[SPM] Cleaning old SPM dependencies from Pods project
[SPM] Adding SPM dependencies to Pods project
[Privacy Manifest Aggregation] Appending aggregated reasons to existing PrivacyInfo.xcprivacy file.
[Privacy Manifest Aggregation] Reading .xcprivacy files to aggregate all used Required Reason APIs.
Setting CLANG_CXX_LANGUAGE_STANDARD to c++20 on /Users/axentia/Projects/Pixelcrests/ghanatalksradio-mobile/ios/GhanaTalksRadio.xcodeproj

==================== DEPRECATION NOTICE =====================
Calling `pod install` directly is deprecated in React Native
because we are moving away from Cocoapods toward alternative
solutions to build the project.
* If you are using Expo, please run:
`npx expo run:ios`
* If you are using the Community CLI, please run:
`yarn ios`
=============================================================

Pod install took 56 [s] to run
Integrating client project
Pod installation complete! There are 86 dependencies from the Podfile and 88 total pods installed.

[!] hermes-engine has added 1 script phase. Please inspect before executing a build. See `https://guides.cocoapods.org/syntax/podspec.html#script_phases` for more information.
